[2026-05-25 23:08:25] ===== SESSION START =====
[2026-05-25 23:08:37] ===== SESSION START =====
[2026-05-25 23:08:37] [lynx] User: lynx
[2026-05-25 23:08:37] [lynx] Bot: Nice to meet you, lynx! 😊  I can help you with:    🎣  Phishing              —  type 'phishing'   🔑  Passwords & 2FA       —  type 'password'   🌐  Safe Browsing / VPN   —  type 'browsing'   🔏  Privacy               —  type 'privacy'   🦠  Malware               —  type 'malware'   🎭  Social Engineering    —  type 'social'   📝  Quiz                  —  type 'quiz'   📜  Chat History          —  type 'history'   ⭐  My Interests          —  type 'interests'  Or just ask me anything in plain English!
[2026-05-25 23:16:36] [lynx] User: phishing
[2026-05-25 23:16:36] [lynx] Bot: 🎣  SPEAR PHISHING ─────────────────────────────────────────────────── Spear phishing is a targeted phishing attack that uses personal information about you to seem more convincing.    • Attackers research you on social media first.   • Emails may reference your name, employer, or recent events.   • Even tech-savvy people fall for it.  Defence: Always verify unexpected requests through official channels. Call the sender directly on a known number — never the one in the email.
[2026-05-25 23:16:53] [lynx] User: quiz
[2026-05-25 23:16:53] [lynx] Bot: 📝  Question 1 of 5 ─────────────────────────────────────────────────── Which of the following is a classic sign of a phishing email?    1.  It comes from your manager's real email address   2.  It uses your full legal name in the greeting   3.  It creates a sense of urgency and asks you to click immediately   4.  It was sent during business hours  Type 1, 2, 3, or 4 to answer.
[2026-05-25 23:17:42] [lynx] User: help
[2026-05-25 23:17:42] [lynx] Bot: 📋  What I can help you with, lynx:    🎣  Phishing & scams      —  type 'phishing'   🔑  Passwords & 2FA       —  type 'password'   🌐  Safe Browsing / VPN   —  type 'browsing'   🔏  Data Privacy          —  type 'privacy'   🦠  Malware & viruses     —  type 'malware'   🎭  Social Engineering    —  type 'social'   🚨  Incident Response     —  type 'hacked'   📝  Take the Quiz         —  type 'quiz'   📜  Chat History          —  type 'history'   ⭐  My Interests & Stats  —  type 'interests'  Or just ask me anything naturally — I understand plain English!
[2026-05-25 23:17:52] [lynx] User: chat history
[2026-05-25 23:17:52] [lynx] Bot: 📜  CHAT HISTORY (last 15 messages) ───────────────────────────────────────────────────   [23:08]  You: lynx   [23:08]  Bot: Nice to meet you, lynx! 😊  I can help you with:    🎣  Phishing              —  type 'phi…   [23:16]  You: phishing   [23:16]  Bot: 🎣  SPEAR PHISHING ─────────────────────────────────────────────────── Spear phishing is a…   [23:16]  You: quiz   [23:16]  Bot: 📝  Question 1 of 5 ─────────────────────────────────────────────────── Which of the follo…   [23:17]  You: help   [23:17]  Bot: 📋  What I can help you with, lynx:    🎣  Phishing & scams      —  type 'phishing'   🔑  …   [23:17]  You: chat history 
[2026-05-25 23:29:45] ===== SESSION END =====
[2026-05-26 11:20:54] ===== SESSION START =====
[2026-05-26 11:21:04] ===== SESSION START =====
[2026-05-26 11:21:04] [lynx] User: lynx
[2026-05-26 11:21:04] [lynx] Bot: Nice to meet you, lynx! 😊  I can help you with:    🎣  Phishing              —  type 'phishing'   🔑  Passwords & 2FA       —  type 'password'   🌐  Safe Browsing / VPN   —  type 'browsing'   🔏  Privacy               —  type 'privacy'   🦠  Malware               —  type 'malware'   🎭  Social Engineering    —  type 'social'   📝  Quiz                  —  type 'quiz'   📜  Chat History          —  type 'history'   ⭐  My Interests          —  type 'interests'  Or just ask me anything in plain English!
[2026-05-26 11:21:14] [lynx] User: history
[2026-05-26 11:21:14] [lynx] Bot: 📜  CHAT HISTORY (last 15 messages) ───────────────────────────────────────────────────   [11:21]  You: lynx   [11:21]  Bot: Nice to meet you, lynx! 😊  I can help you with:    🎣  Phishing              —  type 'phi…   [11:21]  You: history 
[2026-05-26 11:21:36] ===== SESSION END =====
[2026-05-27 12:17:11] ===== SESSION START =====
[2026-05-27 12:17:24] ===== SESSION START =====
[2026-05-27 12:17:24] [lynx] User: lynx
[2026-05-27 12:17:24] [lynx] Bot: Nice to meet you, lynx! 😊  I can help you with:    🎣  Phishing              —  type 'phishing'   🔑  Passwords & 2FA       —  type 'password'   🌐  Safe Browsing / VPN   —  type 'browsing'   🔏  Privacy               —  type 'privacy'   🦠  Malware               —  type 'malware'   🎭  Social Engineering    —  type 'social'   📝  Quiz                  —  type 'quiz'   📜  Chat History          —  type 'history'   ⭐  My Interests          —  type 'interests'  Or just ask me anything in plain English!
[2026-05-27 12:17:52] ===== SESSION END =====
